2026-08-06 15:24:40 - INFO - El programa inició
2026-08-06 15:24:40 - INFO - Herramienta 'Taladro' creada - Usuario: 1
2026-08-06 15:24:40 - ADVERTENCIA - La podadora tiene stock bajo
2026-08-06 15:24:40 - ERROR - Stock insuficiente: pidieron 5 y hay 2 - Usuario: 3
2026-08-06 15:37:06 - INFO - Herramienta 'Taladro' creada con id 1
2026-08-06 17:01:01 - INFO - Usuario 'Pepito perez' creado con id 1
2026-08-06 17:02:15 - INFO - Usuario 'Oliver Patiño\' creado con id 2
2026-08-06 17:45:17 - ERROR - Herramienta con id 5 no encontrada al intentar crear un préstamo
2026-08-06 17:45:54 - INFO - Prestamo #1: 2 de 'Taladro' - Usuario: 1
2026-08-08 09:14:37 - INFO - Inicio de sesion - Usuario: 2
2026-08-08 09:14:57 - INFO - Solicitud #1 de 'Taladro' - Usuario: 2
2026-08-08 09:14:57 - ADVERTENCIA - Intento de acceso sin permisos - Usuario: 2
2026-08-08 09:15:17 - INFO - Inicio de sesion - Usuario: 2
2026-08-08 09:15:22 - INFO - Solicitud #2 de 'Taladro' - Usuario: 2
2026-08-08 09:15:22 - ADVERTENCIA - Intento de acceso sin permisos - Usuario: 2
2026-08-08 09:15:49 - INFO - Inicio de sesion - Usuario: 1
2026-08-08 09:15:59 - INFO - Solicitud #3 de 'Taladro' - Usuario: 1
2026-08-08 09:16:42 - INFO - Solicitud #2 aprobada - Usuario: 1
2026-08-08 09:19:29 - INFO - Programa iniciado
2026-08-08 09:19:37 - INFO - Inicio de sesion - Usuario: 1
2026-08-08 09:20:22 - INFO - Herramienta 'Martillo' creada con id 2
2026-08-08 09:21:08 - INFO - Herramienta id 1 actualizada
2026-08-08 09:22:09 - INFO - Usuario 'Nicolas Rodriguez' creado con id 3
2026-08-08 09:23:15 - INFO - Prestamo #2: 2 de 'Taladro' - Usuario: 3
2026-08-08 09:24:19 - INFO - Solicitud #1 rechazada - Usuario: 1
2026-08-08 09:25:14 - ERROR - Error inesperado: module 'modulos.reportes' has no attribute 'ver_logs'
2026-08-08 09:29:16 - INFO - Programa iniciado
2026-08-08 09:29:26 - INFO - Inicio de sesion - Usuario: 1
2026-08-08 09:29:30 - INFO - Cierre de sesion - Usuario: 1
2026-08-08 09:29:33 - INFO - Programa finalizado
2026-08-08 10:14:35 - INFO - Programa iniciado
2026-08-08 10:14:47 - INFO - Inicio de sesion - Usuario: 3
2026-08-08 10:15:51 - INFO - Solicitud #3 de 'Taladro' - Usuario: 3
2026-08-08 10:16:34 - INFO - Cierre de sesion - Usuario: 3
2026-08-08 10:16:38 - INFO - Inicio de sesion - Usuario: 1
2026-08-08 10:17:13 - INFO - Cierre de sesion - Usuario: 1
2026-08-08 10:17:35 - INFO - Cierre de sesion - Usuario: 1
2026-08-08 10:18:06 - INFO - Solicitud #3 aprobada - Usuario: 1
2026-08-08 10:18:29 - INFO - Prestamo #3: 2 de 'Taladro' - Usuario: 3
2026-08-08 10:18:44 - INFO - Cierre de sesion - Usuario: 1
2026-08-08 10:18:50 - INFO - Programa finalizado
